{"level":30,"time":1717260250582,"pid":29288,"hostname":"DESKTOP-RMTDCB1","name":"project","msg":"create step2 for a job application process"}
{"level":30,"time":1717260277295,"pid":29288,"hostname":"DESKTOP-RMTDCB1","name":"project","msg":"Uploading file: _net_6+years_Experiance_Resume.docx.pdf, filetype: application/pdf"}
{"level":30,"time":1717260277315,"pid":29288,"hostname":"DESKTOP-RMTDCB1","name":"project","msg":"File uploaded successfully: 9U7GN-KLDKF.pdf"}
{"level":30,"time":1717260277315,"pid":29288,"hostname":"DESKTOP-RMTDCB1","name":"project","msg":"AI entry door"}
{"level":30,"time":1717260277315,"pid":29288,"hostname":"DESKTOP-RMTDCB1","name":"project","msg":"AI path"}
{"level":30,"time":1717260277403,"pid":29288,"hostname":"DESKTOP-RMTDCB1","name":"project","msg":"AI post call"}
{"level":30,"time":1717260284336,"pid":29288,"hostname":"DESKTOP-RMTDCB1","name":"project","msg":"AI response body"}
{"level":30,"time":1717260284336,"pid":29288,"hostname":"DESKTOP-RMTDCB1","name":"project","msg":"AI exit"}
{"level":30,"time":1719649110725,"pid":28820,"hostname":"DESKTOP-RMTDCB1","name":"project","msg":"create step2 for a job application process"}
{"level":30,"time":1719649140331,"pid":28820,"hostname":"DESKTOP-RMTDCB1","name":"project","msg":"Uploading file: _net_6+years_Experiance_Resume.docx, filetype: application/vnd.openxmlformats-officedocument.wordprocessingml.document"}
{"level":30,"time":1719649140346,"pid":28820,"hostname":"DESKTOP-RMTDCB1","name":"project","msg":"File uploaded successfully: SZCIS-OUUZA.docx"}
{"level":30,"time":1719649140717,"pid":28820,"hostname":"DESKTOP-RMTDCB1","name":"project","msg":"AI entry door"}
{"level":30,"time":1719649140718,"pid":28820,"hostname":"DESKTOP-RMTDCB1","name":"project","msg":"AI path: http://3.139.93.237:5000"}
{"level":30,"time":1719649140718,"pid":28820,"hostname":"DESKTOP-RMTDCB1","name":"project","msg":"AI post call: [object Object]"}
{"level":30,"time":1719649141645,"pid":28820,"hostname":"DESKTOP-RMTDCB1","name":"project","msg":"AI response body: [object Object]"}
{"level":30,"time":1719649141646,"pid":28820,"hostname":"DESKTOP-RMTDCB1","name":"project","msg":"AI exit"}
{"level":30,"time":1719649141647,"pid":28820,"hostname":"DESKTOP-RMTDCB1","name":"project","msg":"response of the resume AI analysis: [object Object]"}
{"level":50,"time":1719649141654,"pid":28820,"hostname":"DESKTOP-RMTDCB1","name":"project","err":{"type":"TypeError","message":"Cannot read properties of undefined (reading 'join')","stack":"TypeError: Cannot read properties of undefined (reading 'join')\n    at insertResumeAnalysis (C:\\Users\\SATISH\\OneDrive\\Desktop\\gds\\recruit-services\\transactions\\candidateJob.trans.js:11:56)\n    at Request._callback (C:\\Users\\SATISH\\OneDrive\\Desktop\\gds\\recruit-services\\services\\resumeService.js:80:7)\n    at self.callback (C:\\Users\\SATISH\\OneDrive\\Desktop\\gds\\recruit-services\\node_modules\\request\\request.js:185:22)\n    at Request.emit (node:events:514:28)\n    at Request.<anonymous> (C:\\Users\\SATISH\\OneDrive\\Desktop\\gds\\recruit-services\\node_modules\\request\\request.js:1154:10)\n    at Request.emit (node:events:514:28)\n    at IncomingMessage.<anonymous> (C:\\Users\\SATISH\\OneDrive\\Desktop\\gds\\recruit-services\\node_modules\\request\\request.js:1076:12)\n    at Object.onceWrapper (node:events:628:28)\n    at IncomingMessage.emit (node:events:526:35)\n    at endReadableNT (node:internal/streams/readable:1408:12)"},"msg":"Upload failed, invalid input. TypeError: Cannot read properties of undefined (reading 'join')\n    at insertResumeAnalysis (C:\\Users\\SATISH\\OneDrive\\Desktop\\gds\\recruit-services\\transactions\\candidateJob.trans.js:11:56)\n    at Request._callback (C:\\Users\\SATISH\\OneDrive\\Desktop\\gds\\recruit-services\\services\\resumeService.js:80:7)\n    at self.callback (C:\\Users\\SATISH\\OneDrive\\Desktop\\gds\\recruit-services\\node_modules\\request\\request.js:185:22)\n    at Request.emit (node:events:514:28)\n    at Request.<anonymous> (C:\\Users\\SATISH\\OneDrive\\Desktop\\gds\\recruit-services\\node_modules\\request\\request.js:1154:10)\n    at Request.emit (node:events:514:28)\n    at IncomingMessage.<anonymous> (C:\\Users\\SATISH\\OneDrive\\Desktop\\gds\\recruit-services\\node_modules\\request\\request.js:1076:12)\n    at Object.onceWrapper (node:events:628:28)\n    at IncomingMessage.emit (node:events:526:35)\n    at endReadableNT (node:internal/streams/readable:1408:12)"}
{"level":30,"time":1719667815765,"pid":28820,"hostname":"DESKTOP-RMTDCB1","name":"project","msg":"create step2 for a job application process"}
{"level":30,"time":1719668002330,"pid":28820,"hostname":"DESKTOP-RMTDCB1","name":"project","msg":"create step2 for a job application process"}
